
> inventario-frontend@0.1.0 check
> svelte-kit sync && svelte-check --tsconfig ./tsconfig.json

Loading svelte-check in workspace: /private/tmp/incremento3/dev/codigo/frontend
Getting Svelte diagnostics...

/private/tmp/incremento3/dev/codigo/frontend/src/lib/components/ConfirmDialog.svelte:22:2
Warn: Elements with the 'dialog' interactive role must have a tabindex value
https://svelte.dev/e/a11y_interactive_supports_focus (svelte)
	<!-- svelte-ignore a11y_click_events_have_key_events a11y_no_static_element_interactions -->
	<div
		class="fixed inset-0 z-50 flex items-center justify-center bg-black/40"
		onclick={(e) => { if (e.target === e.currentTarget) oncancel?.(); }}
		role="dialog"
		aria-modal="true"
		aria-label={title}
	>
		<div class="bg-white rounded-lg border border-border shadow-lg w-full max-w-sm mx-4 p-6">
			<h3 class="text-base font-semibold text-foreground mb-2">{title}</h3>
			<p class="text-sm text-muted mb-6 whitespace-pre-line">{message}</p>
			<div class="flex justify-end gap-3">
				<button
					onclick={() => oncancel?.()}
					class="px-4 py-2 text-sm font-medium border border-border rounded-md hover:bg-surface-alt transition-colors"
				>
					{cancellabel}
				</button>
				<button
					onclick={() => onconfirm?.()}
					class="px-4 py-2 text-sm font-medium text-white rounded-md transition-colors
						{variant === 'destructive' ? 'bg-destructive hover:bg-destructive-hover' : 'bg-accent hover:bg-accent-hover'}"
				>
					{confirmlabel}
				</button>
			</div>
		</div>
	</div>
{/if}

/private/tmp/incremento3/dev/codigo/frontend/src/lib/components/Modal.svelte:18:2
Warn: Elements with the 'dialog' interactive role must have a tabindex value
https://svelte.dev/e/a11y_interactive_supports_focus (svelte)
	<!-- svelte-ignore a11y_click_events_have_key_events a11y_no_static_element_interactions -->
	<div
		class="fixed inset-0 z-50 flex items-center justify-center bg-black/40"
		onclick={(e) => { if (e.target === e.currentTarget) onclose?.(); }}
		role="dialog"
		aria-modal="true"
		aria-label={title || 'Diálogo'}
	>
		<div class="bg-white rounded-lg border border-border shadow-lg w-full max-w-lg mx-4 max-h-[90vh] overflow-y-auto">
			{#if title}
				<div class="flex items-center justify-between px-6 py-4 border-b border-border">
					<h2 class="text-base font-semibold text-foreground">{title}</h2>
					<button
						onclick={() => onclose?.()}
						class="p-1 rounded-md hover:bg-surface-alt text-muted hover:text-foreground transition-colors"
						aria-label="Cerrar"
					>
						<svg class="h-4 w-4" viewBox="0 0 24 24" fill="none" stroke="currentColor" stroke-width="2">
							<path d="M18 6L6 18M6 6l12 12" />
						</svg>
					</button>
				</div>
			{/if}
			<div class="p-6">
				{@render children?.()}
			</div>
		</div>
	</div>
{/if}

====================================
svelte-check found 0 errors and 2 warnings in 2 files
